// Jest Snapshot v1, https://goo.gl/fbAQLP

exports[`conventional-changelog-base writerOpts should match the template snapshots 1`] = `
"{{#each commitGroups}}

{{#if title}}
### {{title}}

{{/if}}
{{#each commits}}
{{> commit root=@root}}
{{/each}}

{{/each}}
{{> footer}}
"
`;

exports[`conventional-changelog-base writerOpts should match the template snapshots 2`] = `
"* {{~!-- commit link --}} {{#if @root.linkReferences~}}
  [\`{{hash}}\`](
  {{~#if @root.repository}}
    {{~#if @root.host}}
      {{~@root.host}}/
    {{~/if}}
    {{~#if @root.owner}}
      {{~@root.owner}}/
    {{~/if}}
    {{~@root.repository}}
  {{~else}}
    {{~@root.repoUrl}}
  {{~/if}}/
  {{~@root.commit}}/{{hash}})
{{~else}}
  {{~hash}}
{{~/if}}

{{~#if subject}}
 {{subject}}
{{~else}}
 {{header}}
{{~/if}}

{{~!-- commit references --}}
{{~#if references~}}
 , {{~#each references}} {{this.link}}{{/each}}
{{~/if}}

"
`;

exports[`conventional-changelog-base writerOpts should match the template snapshots 3`] = `
"{{#if noteGroups}}
{{#each noteGroups}}

### {{title}}

{{#each notes}}
* {{text}}
{{/each}}
{{/each}}

{{/if}}
"
`;

exports[`conventional-changelog-base writerOpts should transform commit 1`] = `
Object {
  "changelogOrder": 5,
  "footer": "",
  "hash": "da39a3e",
  "label": "ðŸ”¬ Tests",
  "notes": Array [],
  "references": Array [],
  "scope": "",
  "subject": "subject",
  "title": "",
  "type": "test",
}
`;
